// Jest Snapshot v1, https://goo.gl/fbAQLP

exports[`Tabs component renders Tabs 1`] = `
<div
  className="Button"
>
  <TabDeck
    handleDelete={[Function]}
    titles={
      Array [
        "default",
      ]
    }
  />
  <button
    name="add"
    onClick={[Function]}
  >
    +
  </button>
  <Filter
    handleChange={[Function]}
    handleSubmit={[Function]}
    searchTerm=""
  />
</div>
`;
